Command: C:\Users\Rafael\.espressif\python_env\idf5.5_py3.11_env\Scripts\python.exe C:\Users\Rafael\esp\v5.5.1\esp-idf\tools/idf_monitor.py -p COM3 -b 115200 --toolchain-prefix xtensa-esp32-elf- --target esp32 --revision 0 C:\Users\Rafael\OneDrive - UNIVALI\Anexos\Arquivo pra envio\Sistema Temp Real\Network Project M2\hello_world\build\hello_world.elf C:\Users\Rafael\OneDrive - UNIVALI\Anexos\Arquivo pra envio\Sistema Temp Real\Network Project M2\hello_world\build\bootloader\bootloader.elf --force-color -m 'C:\Users\Rafael\.espressif\python_env\idf5.5_py3.11_env\Scripts\python.exe' 'C:\Users\Rafael\esp\v5.5.1\esp-idf\tools\idf.py' '-p' 'COM3'
ets Jul 29 2019 12:21:46

rst:0x1 (POWERON_RESET),boot:0x13 (SPI_FAST_FLASH_BOOT)
configsip: 0, SPIWP:0xee
clk_drv:0x00,q_drv:0x00,d_drv:0x00,cs0_drv:0x00,hd_drv:0x00,wp_drv:0x00
mode:DIO, clock div:2
load:0x3fff0030,len:6380
ho 0 tail 12 room 4
load:0x40078000,len:15916
load:0x40080400,len:3860
entry 0x40080638
[0;32mI (29) boot: ESP-IDF v5.5.1 2nd stage bootloader[0m
[0;32mI (29) boot: compile time Oct 17 2025 15:22:41[0m
[0;32mI (29) boot: Multicore bootloader[0m
[0;32mI (31) boot: chip revision: v3.1[0m
[0;32mI (33) boot.esp32: SPI Speed      : 40MHz[0m
[0;32mI (37) boot.esp32: SPI Mode       : DIO[0m
[0;32mI (41) boot.esp32: SPI Flash Size : 2MB[0m
[0;32mI (44) boot: Enabling RNG early entropy source...[0m
[0;32mI (49) boot: Partition Table:[0m
[0;32mI (51) boot: ## Label            Usage          Type ST Offset   Length[0m
[0;32mI (58) boot:  0 nvs              WiFi data        01 02 00009000 00006000[0m
[0;32mI (64) boot:  1 phy_init         RF data          01 01 0000f000 00001000[0m
[0;32mI (71) boot:  2 factory          factory app      00 00 00010000 00100000[0m
[0;32mI (77) boot: End of partition table[0m
[0;32mI (81) esp_image: segment 0: paddr=00010020 vaddr=3f400020 size=1ac88h (109704) map[0m
[0;32mI (125) esp_image: segment 1: paddr=0002acb0 vaddr=3ffb0000 size=03fbch ( 16316) load[0m
[0;32mI (132) esp_image: segment 2: paddr=0002ec74 vaddr=40080000 size=013a4h (  5028) load[0m
[0;32mI (134) esp_image: segment 3: paddr=00030020 vaddr=400d0020 size=91b98h (596888) map[0m
[0;32mI (341) esp_image: segment 4: paddr=000c1bc0 vaddr=400813a4 size=16bd4h ( 93140) load[0m
[0;32mI (377) esp_image: segment 5: paddr=000d879c vaddr=50000000 size=00020h (    32) load[0m
[0;32mI (389) boot: Loaded app from partition at offset 0x10000[0m
[0;32mI (389) boot: Disabling RNG early entropy source...[0m
[0;32mI (400) cpu_start: Multicore app[0m
[0;32mI (408) cpu_start: Pro cpu start user code[0m
[0;32mI (408) cpu_start: cpu freq: 160000000 Hz[0m
[0;32mI (408) app_init: Application information:[0m
[0;32mI (408) app_init: Project name:     hello_world[0m
[0;32mI (412) app_init: App version:      1[0m
[0;32mI (416) app_init: Compile time:     Oct 17 2025 18:40:40[0m
[0;32mI (421) app_init: ELF file SHA256:  5fe3f3549...[0m
[0;32mI (425) app_init: ESP-IDF:          v5.5.1[0m
[0;32mI (429) efuse_init: Min chip rev:     v0.0[0m
[0;32mI (433) efuse_init: Max chip rev:     v3.99 [0m
[0;32mI (437) efuse_init: Chip rev:         v3.1[0m
[0;32mI (441) heap_init: Initializing. RAM available for dynamic allocation:[0m
[0;32mI (447) heap_init: At 3FFAE6E0 len 00001920 (6 KiB): DRAM[0m
[0;32mI (452) heap_init: At 3FFB8768 len 00027898 (158 KiB): DRAM[0m
[0;32mI (457) heap_init: At 3FFE0440 len 00003AE0 (14 KiB): D/IRAM[0m
[0;32mI (463) heap_init: At 3FFE4350 len 0001BCB0 (111 KiB): D/IRAM[0m
[0;32mI (468) heap_init: At 40097F78 len 00008088 (32 KiB): IRAM[0m
[0;32mI (475) spi_flash: detected chip: generic[0m
[0;32mI (477) spi_flash: flash io: dio[0m
[0;33mW (480) spi_flash: Detected size(4096k) larger than the size in the binary image header(2048k). Using the size in the binary image header.[0m
[0;33mW (492) legacy_touch_driver: legacy touch driver is deprecated, please migrate to use driver/touch_sens.h[0m
[0;32mI (502) main_task: Started on CPU0[0m
[0;32mI (512) main_task: Calling app_main()[0m
[0;32mI (532) SISTEMA: Esteira industrial inicializada.[0m
[0;32mI (542) wifi:wifi driver task: 3ffc09f8, prio:23, stack:6656, core=0[0m
[0;32mI (552) wifi:wifi firmware version: 14da9b7[0m
[0;32mI (552) wifi:wifi certification version: v7.0[0m
[0;32mI (552) wifi:config NVS flash: enabled[0m
[0;32mI (552) wifi:config nano formatting: disabled[0m
[0;32mI (562) wifi:Init data frame dynamic rx buffer num: 32[0m
[0;32mI (562) wifi:Init static rx mgmt buffer num: 5[0m
[0;32mI (562) wifi:Init management short buffer num: 32[0m
[0;32mI (572) wifi:Init dynamic tx buffer num: 32[0m
[0;32mI (572) wifi:Init static rx buffer size: 1600[0m
[0;32mI (582) wifi:Init static rx buffer num: 10[0m
[0;32mI (582) wifi:Init dynamic rx buffer num: 32[0m
[0;32mI (592) wifi_init: rx ba win: 6[0m
[0;32mI (592) wifi_init: accept mbox: 6[0m
[0;32mI (592) wifi_init: tcpip mbox: 32[0m
[0;32mI (592) wifi_init: udp mbox: 6[0m
[0;32mI (602) wifi_init: tcp mbox: 6[0m
[0;32mI (602) wifi_init: tcp tx win: 5760[0m
[0;32mI (602) wifi_init: tcp rx win: 5760[0m
[0;32mI (612) wifi_init: tcp mss: 1440[0m
[0;32mI (612) wifi_init: WiFi IRAM OP enabled[0m
[0;32mI (612) wifi_init: WiFi RX IRAM OP enabled[0m
[0;32mI (622) phy_init: phy_version 4861,b71b5ad,Aug  5 2025,11:16:06[0m
[0;32mI (692) wifi:mode : sta (38:18:2b:8a:fc:d8)[0m
[0;32mI (692) wifi:enable tsf[0m
[0;32mI (702) SISTEMA: Conectando ao WiFi...[0m
[0;32mI (722) wifi:new:<10,2>, old:<1,0>, ap:<255,255>, sta:<10,2>, prof:1, snd_ch_cfg:0x0[0m
[0;32mI (722) wifi:state: init -> auth (0xb0)[0m
[0;32mI (772) wifi:state: auth -> assoc (0x0)[0m
[0;32mI (792) SISTEMA: Deadlines: ENC=5000us | CTRL=5000us | SORT=10000us | ESTOP=5000us | MON=500000us[0m
[0;32mI (792) SISTEMA: Modo de Teste: UDP[0m
[0;32mI (792) SISTEMA: m-k FIRM: (9, 10)[0m
[0;32mI (792) wifi:state: assoc -> run (0x10)[0m
[0;32mI (802) SISTEMA: Sistema iniciado.[0m
[0;32mI (802) main_task: Returned from app_main()[0m
[0;32mI (802) MONITOR: INICIANDO MODO UDP[0m
[1;31mE (812) MONITOR: Erro sendto UDP (118)[0m
[0;32mI (812) TIME: Aguardando sincronizaÃ§Ã£o SNTP...[0m
[0;32mI (902) wifi:connected with Suite3, aid = 16, channel 10, 40D, bssid = 24:2f:d0:6f:d6:28[0m
[0;32mI (902) wifi:security: WPA2-PSK, phy: bgn, rssi: -44[0m
[0;32mI (912) wifi:pm start, type: 1[0m

[0;32mI (912) wifi:dp: 1, bi: 102400, li: 3, scale listen interval from 307200 us to 307200 us[0m
[0;32mI (972) wifi:AP's beacon interval = 102400 us, DTIM period = 1[0m
[1;31mE (1302) MONITOR: Erro sendto UDP (118)[0m
[1;31mE (1802) MONITOR: Erro sendto UDP (118)[0m
[1;31mE (2302) MONITOR: Erro sendto UDP (118)[0m
[0;32mI (2432) wifi:<ba-add>idx:0 (ifx:0, 24:2f:d0:6f:d6:28), tid:5, ssn:6, winSize:64[0m
[1;31mE (2802) MONITOR: Erro sendto UDP (118)[0m
[1;31mE (3302) MONITOR: Erro sendto UDP (118)[0m
[0;32mI (3422) esp_netif_handlers: sta ip: 192.168.7.7, mask: 255.255.255.0, gw: 192.168.7.1[0m
[0;32mI (4772) wifi:<ba-add>idx:1 (ifx:0, 24:2f:d0:6f:d6:28), tid:0, ssn:1, winSize:64[0m
[0;32mI (4962) TIME: Tempo sincronizado via SNTP.[0m
[0;32mI (5312) TIME: SNTP sincronizado com sucesso.[0m
[0;32mI (5312) TIME: Hora de ref: 29/10/2025 20:16:56 | Ciclo: 1[0m
[0;32mI (6312) TIME: Hora de ref: 29/10/2025 20:16:57 | Ciclo: 2[0m
[0;32mI (7312) TIME: Hora de ref: 29/10/2025 20:16:58 | Ciclo: 3[0m
[0;32mI (8312) TIME: Hora de ref: 29/10/2025 20:16:59 | Ciclo: 4[0m
[0;32mI (9312) TIME: Hora de ref: 29/10/2025 20:17:00 | Ciclo: 5[0m
[0;32mI (10312) TIME: Hora de ref: 29/10/2025 20:17:01 | Ciclo: 6[0m
[0;32mI (11312) TIME: Hora de ref: 29/10/2025 20:17:02 | Ciclo: 7[0m
[0;32mI (12312) TIME: Hora de ref: 29/10/2025 20:17:03 | Ciclo: 8[0m
[0;32mI (13302) MONITOR: Comando recebido: SORT_ACT[0m
[0;32mI (13302) SISTEMA: [TOUCH B] Objeto detectado | Lat ISRâ†’Task=12830.42 ms | Total peÃ§as=1[0m
[0;32mI (13312) TIME: Hora de ref: 29/10/2025 20:17:04 | Ciclo: 9[0m
[0;32mI (14312) TIME: Hora de ref: 29/10/2025 20:17:05 | Ciclo: 10[0m
[0;32mI (15302) MONITOR: Comando recebido: SAFETY_ON[0m
[0;32mI (15302) SISTEMA: [TOUCH D] E-stop acionado | Sistema totalmente zerado[0m
[0;32mI (15312) TIME: Hora de ref: 29/10/2025 20:17:06 | Ciclo: 11[0m
[0;32mI (16312) TIME: Hora de ref: 29/10/2025 20:17:07 | Ciclo: 12[0m
[0;32mI (16802) MONITOR: Comando recebido: SORT_ACT[0m
[0;32mI (16802) SISTEMA: [TOUCH B] Objeto detectado | Lat ISRâ†’Task=16330.36 ms | Total peÃ§as=2[0m
[0;32mI (17312) TIME: Hora de ref: 29/10/2025 20:17:08 | Ciclo: 13[0m
[0;32mI (17802) MONITOR: Comando recebido: SAFETY_ON[0m
[0;32mI (17802) SISTEMA: [TOUCH D] E-stop acionado | Sistema totalmente zerado[0m
[0;32mI (18312) TIME: Hora de ref: 29/10/2025 20:17:09 | Ciclo: 14[0m
[0;32mI (18802) MONITOR: Comando recebido: SORT_ACT[0m
[0;32mI (18802) SISTEMA: [TOUCH B] Objeto detectado | Lat ISRâ†’Task=18330.36 ms | Total peÃ§as=3[0m
[0;32mI (19312) TIME: Hora de ref: 29/10/2025 20:17:10 | Ciclo: 15[0m
[0;32mI (20312) TIME: Hora de ref: 29/10/2025 20:17:11 | Ciclo: 16[0m
[0;32mI (21312) TIME: Hora de ref: 29/10/2025 20:17:12 | Ciclo: 17[0m
[0;32mI (22312) TIME: Hora de ref: 29/10/2025 20:17:13 | Ciclo: 18[0m
[0;32mI (23312) TIME: Hora de ref: 29/10/2025 20:17:14 | Ciclo: 19[0m
[0;32mI (24312) TIME: Hora de ref: 29/10/2025 20:17:15 | Ciclo: 20[0m
[0;32mI (25312) TIME: Hora de ref: 29/10/2025 20:17:16 | Ciclo: 21[0m
[0;32mI (26312) TIME: Hora de ref: 29/10/2025 20:17:17 | Ciclo: 22[0m
[0;32mI (27312) TIME: Hora de ref: 29/10/2025 20:17:18 | Ciclo: 23[0m
[0;32mI (28312) TIME: Hora de ref: 29/10/2025 20:17:19 | Ciclo: 24[0m
[0;32mI (29312) TIME: Hora de ref: 29/10/2025 20:17:20 | Ciclo: 25[0m
